// Jest Snapshot v1, https://goo.gl/fbAQLP

exports[`ChildAsyncSetupComponent.vue renders to match html snapshot 1`] = `""`;
